// Jest Snapshot v1, https://goo.gl/fbAQLP

exports[`PlayersCrosshairs component should render CheckoutPage component 1`] = `ShallowWrapper {}`;
