// Jest Snapshot v1, https://goo.gl/fbAQLP

exports[`TeamCard component should render TeamCard component 1`] = `ShallowWrapper {}`;
