// Jest Snapshot v1, https://goo.gl/fbAQLP

exports[`PopUp component should render PopUp component 1`] = `ShallowWrapper {}`;
