// Jest Snapshot v1, https://goo.gl/fbAQLP

exports[`Settings component should render Settings component 1`] = `ShallowWrapper {}`;
