// Jest Snapshot v1, https://goo.gl/fbAQLP

exports[`should render Heading component 1`] = `ShallowWrapper {}`;
