// Jest Snapshot v1, https://goo.gl/fbAQLP

exports[`should render InfoButton component 1`] = `ShallowWrapper {}`;
