// Jest Snapshot v1, https://goo.gl/fbAQLP

exports[`PlayerInfo component should render PlayerInfo component 1`] = `ShallowWrapper {}`;
