// Jest Snapshot v1, https://goo.gl/fbAQLP

exports[`PlayersSettings component should render the PlayersSettings component 1`] = `ShallowWrapper {}`;
